<html>
<body>
<pre>
<h1>礦ision Build Log</h1>
<h2>Tool Versions:</h2>
IDE-Version: μVision V5.14.2
Copyright (C) 2015 ARM Ltd and ARM Germany GmbH. All rights reserved.
License Information: Cortex-M0+, K, LIC=UB4Y8-30WJV-8V11H-WGLCL-WHZEZ-FR8WM
 
Tool Versions:
Toolchain:       MDK-ARM Professional  Version: 5.14.0.0
Toolchain Path:  C:\Keil_v5\ARM\ARMCC\Bin
C Compiler:      Armcc.exe V5.05 update 1 (build 106)
Assembler:       Armasm.exe V5.05 update 1 (build 106)
Linker/Locator:  ArmLink.exe V5.05 update 1 (build 106)
Library Manager: ArmAr.exe V5.05 update 1 (build 106)
Hex Converter:   FromElf.exe V5.05 update 1 (build 106)
CPU DLL:         SARMCM3.DLL V5.14.0.0
Dialog DLL:      DARMCM1.DLL V1.12.0.0
Target DLL:      Segger\JL2CM3.dll V2.99.13.0
Dialog DLL:      TARMCM1.DLL V1.9.0.0
 
<h2>Project:</h2>
C:\Users\Kun\Desktop\目前最好 -23 - 菜单\Projecct\MDK\KEA128.uvprojx
Project File Date:  06/03/2018

<h2>Output:</h2>
*** Using Compiler 'V5.05 update 1 (build 106)', folder: 'C:\Keil_v5\ARM\ARMCC\Bin'
Build target 'KEA128'
assembling startup_SKEAZ1284.s...
compiling system_SKEAZ1284.c...
compiling misc.c...
..\USER\inc\SendComputer.h(10): warning:  #1-D: last line of file ends without a newline
  #endif
..\..\Libraries\drives\src\misc.c: 1 warning, 0 errors
compiling common.c...
..\USER\inc\SendComputer.h(10): warning:  #1-D: last line of file ends without a newline
  #endif
..\..\Libraries\drives\src\common.c: 1 warning, 0 errors
compiling KEA128_adc.c...
..\USER\inc\SendComputer.h(10): warning:  #1-D: last line of file ends without a newline
  #endif
..\..\Libraries\drives\src\KEA128_adc.c: 1 warning, 0 errors
compiling KEA128_flash.c...
..\USER\inc\SendComputer.h(10): warning:  #1-D: last line of file ends without a newline
  #endif
..\..\Libraries\drives\src\KEA128_flash.c: 1 warning, 0 errors
compiling KEA128_ftm.c...
..\USER\inc\SendComputer.h(10): warning:  #1-D: last line of file ends without a newline
  #endif
..\..\Libraries\drives\src\KEA128_ftm.c: 1 warning, 0 errors
compiling KEA128_gpio.c...
..\USER\inc\SendComputer.h(10): warning:  #1-D: last line of file ends without a newline
  #endif
..\..\Libraries\drives\src\KEA128_gpio.c: 1 warning, 0 errors
compiling KEA128_irq.c...
..\USER\inc\SendComputer.h(10): warning:  #1-D: last line of file ends without a newline
  #endif
..\..\Libraries\drives\src\KEA128_irq.c: 1 warning, 0 errors
compiling KEA128_kbi.c...
..\USER\inc\SendComputer.h(10): warning:  #1-D: last line of file ends without a newline
  #endif
..\..\Libraries\drives\src\KEA128_kbi.c: 1 warning, 0 errors
compiling KEA128_pit.c...
..\USER\inc\SendComputer.h(10): warning:  #1-D: last line of file ends without a newline
  #endif
..\..\Libraries\drives\src\KEA128_pit.c: 1 warning, 0 errors
compiling KEA128_port.c...
..\USER\inc\SendComputer.h(10): warning:  #1-D: last line of file ends without a newline
  #endif
..\..\Libraries\drives\src\KEA128_port.c: 1 warning, 0 errors
compiling KEA128_uart.c...
..\USER\inc\SendComputer.h(10): warning:  #1-D: last line of file ends without a newline
  #endif
..\..\Libraries\drives\src\KEA128_uart.c(284): warning:  #167-D: argument of type "char *" is incompatible with parameter of type "uint8 *"
        uart_getchar(DEBUG_PORT,(char*)ch);
..\..\Libraries\drives\src\KEA128_uart.c: 2 warnings, 0 errors
compiling KEA128_systick.c...
..\USER\inc\SendComputer.h(10): warning:  #1-D: last line of file ends without a newline
  #endif
..\..\Libraries\drives\src\KEA128_systick.c: 1 warning, 0 errors
compiling KEA128_i2c.c...
..\USER\inc\SendComputer.h(10): warning:  #1-D: last line of file ends without a newline
  #endif
..\..\Libraries\drives\src\KEA128_i2c.c: 1 warning, 0 errors
compiling KEA128_spi.c...
..\USER\inc\SendComputer.h(10): warning:  #1-D: last line of file ends without a newline
  #endif
..\..\Libraries\drives\src\KEA128_spi.c: 1 warning, 0 errors
compiling font.c...
..\USER\inc\SendComputer.h(10): warning:  #1-D: last line of file ends without a newline
  #endif
..\..\Libraries\seekfree\font.c: 1 warning, 0 errors
compiling SEEKFREE_18TFT.c...
..\USER\inc\SendComputer.h(10): warning:  #1-D: last line of file ends without a newline
  #endif
..\..\Libraries\seekfree\SEEKFREE_18TFT.c: 1 warning, 0 errors
compiling SEEKFREE_FUN.c...
..\USER\inc\SendComputer.h(10): warning:  #1-D: last line of file ends without a newline
  #endif
..\..\Libraries\seekfree\SEEKFREE_FUN.c: 1 warning, 0 errors
compiling SEEKFREE_IIC.c...
..\USER\inc\SendComputer.h(10): warning:  #1-D: last line of file ends without a newline
  #endif
..\..\Libraries\seekfree\SEEKFREE_IIC.c: 1 warning, 0 errors
compiling SEEKFREE_L3G4200D.c...
..\USER\inc\SendComputer.h(10): warning:  #1-D: last line of file ends without a newline
  #endif
..\..\Libraries\seekfree\SEEKFREE_L3G4200D.c: 1 warning, 0 errors
compiling SEEKFREE_MMA8451.c...
..\USER\inc\SendComputer.h(10): warning:  #1-D: last line of file ends without a newline
  #endif
..\..\Libraries\seekfree\SEEKFREE_MMA8451.c: 1 warning, 0 errors
compiling SEEKFREE_MPU6050.c...
..\USER\inc\SendComputer.h(10): warning:  #1-D: last line of file ends without a newline
  #endif
..\..\Libraries\seekfree\SEEKFREE_MPU6050.c: 1 warning, 0 errors
compiling SEEKFREE_NRF24L01.c...
..\USER\inc\SendComputer.h(10): warning:  #1-D: last line of file ends without a newline
  #endif
..\..\Libraries\seekfree\SEEKFREE_NRF24L01.c: 1 warning, 0 errors
compiling SEEKFREE_OLED.c...
..\USER\inc\SendComputer.h(10): warning:  #1-D: last line of file ends without a newline
  #endif
..\..\Libraries\seekfree\SEEKFREE_OLED.c: 1 warning, 0 errors
compiling SEEKFREE_TSL1401.c...
..\USER\inc\SendComputer.h(10): warning:  #1-D: last line of file ends without a newline
  #endif
..\..\Libraries\seekfree\SEEKFREE_TSL1401.c: 1 warning, 0 errors
compiling isr.c...
..\USER\inc\SendComputer.h(10): warning:  #1-D: last line of file ends without a newline
  #endif
..\USER\src\isr.c(139): warning:  #223-D: function "fabs" declared implicitly
                        if                      (fabs((ftm[Left]-ftm[Right])*3.1)>100/*&&ABS_DOSM_FB>0.05*/)            /*100*/                         inside=1;
..\USER\src\isr.c(145): warning:  #223-D: function "fabs" declared implicitly
                        if(fabs((ftm[Left]-ftm[Right])*3.1)>120&&t>60&&ABS_DOSM_FB>0.03/*&&land[Now]==0&&land[Inside]==0*/)/*100 60*/
..\USER\src\isr.c(62): warning:  #177-D: variable "i" was declared but never referenced
                static u8 i;
..\USER\src\isr.c(65): warning:  #177-D: variable "spD" was declared but never referenced
                static float spD;
..\USER\src\isr.c(476): warning:  #186-D: pointless comparison of unsigned integer with zero
                                        if(command[5]>=P&&command[5]<=D_LAND&&sequence[2]<=5)
..\USER\src\isr.c(29): warning:  #177-D: variable "ftm_last" was declared but never referenced
  static float  ftm_last[2];
..\USER\src\isr.c(37): warning:  #550-D: variable "decelerate" was set but never used
  static                u8      decelerate;     
..\USER\src\isr.c: 8 warnings, 0 errors
compiling main.c...
..\USER\inc\SendComputer.h(10): warning:  #1-D: last line of file ends without a newline
  #endif
..\USER\src\main.c: 1 warning, 0 errors
compiling init.c...
..\USER\inc\SendComputer.h(10): warning:  #1-D: last line of file ends without a newline
  #endif
..\USER\src\init.c(168): warning:  #223-D: function "fabs" declared implicitly
                if((fabs(PID->Error[0])>SHIFT_UPP)||(PID->Error[0])==0)                           PID->Out[I]+=0;//当偏差较大时，大于积分上限时，采用PD控制
..\USER\src\init.c(2): warning:  #177-D: variable "sector" was declared but never referenced
  static u8 sector=     FLASH_SECTOR_NUM-1;
..\USER\src\init.c: 3 warnings, 0 errors
compiling SendComputer.c...
..\USER\inc\SendComputer.h(10): warning:  #1-D: last line of file ends without a newline
  #endif
..\USER\src\SendComputer.c(12): warning:  #1-D: last line of file ends without a newline
  }
..\USER\src\SendComputer.c: 2 warnings, 0 errors
linking...
Program Size: Code=20948 RO-data=2404 RW-data=196 ZI-data=1324  
FromELF: creating hex file...
".\Objects\KEA128.axf" - 0 Error(s), 39 Warning(s).

<h2>Collection of Component include folders:</h2>
  C:\Users\Kun\Desktop\目前最好 -23 - 菜单\Projecct\MDK\RTE
  C:\Keil_v5\ARM\PACK\Keil\Kinetis_KEAxx_DFP\1.3.0\Device\Include

<h2>Collection of Component Files used:</h2>
</pre>
</body>
</html>
